scheduler.c:16:6:resetNode	16	static
scheduler.c:23:6:init_freelist	16	static
scheduler.c:29:6:List_init	8	static
scheduler.c:34:9:List_getfreeIndex	16	static
scheduler.c:42:6:List_freeIndex	16	static
scheduler.c:47:8:List_isempty	4	static
scheduler.c:50:6:List_insert	24	static
scheduler.c:89:6:List_removeHead	4	static
scheduler.c:100:6:SCH_Init	8	static
scheduler.c:104:10:SCH_Add_Task	32	static
scheduler.c:121:6:SCH_Update	8	static
scheduler.c:128:6:SCH_Dispatch_Tasks	16	static,ignoring_inline_asm
scheduler.c:151:9:SCH_Delete_Task	32	static
scheduler.c:189:6:SCH_Go_To_Sleep	4	static
scheduler.c:192:6:SCH_Report_Status	4	static
